node.exe : npm warn Unknown project config 
"strict-peer-dependencies". This will stop working in the next 
major version of npm.
En línea: 1 Carácter: 1
+ & "C:\Program Files\nodejs/node.exe" "C:\Program 
Files\nodejs/node_mo ...
+ ~~~~~~~~~~~~~~~~~~~~~~~~~~~~~~~~~~~~~~~~~~~~~~~~~~~~~~~~~~~~~
~~~~~~~~
    + CategoryInfo          : NotSpecified: (npm warn Unknow.. 
   .version of npm.:String) [], RemoteException
    + FullyQualifiedErrorId : NativeCommandError
 

> academia-crystal@0.1.0 build
> refine build

   [1m[38;2;173;127;168mÔû▓ Next.js 15.5.9[39m[22m
   - Environments: .env.local

 [37m[1m [22m[39m Creating an optimized production build ...
[31mFailed to compile.
[39m
./src/app/tesoreria/create/page.tsx
Error:   [31mx[0m Expected '</', got 'as'
     ,-[[36;1;4mC:\Users\PORTATIL 2\Academia Crystal Diamante 
- OFICINA\academia-crystal\src\app\tesoreria\create\page.tsx[0
m:171:1]
 [2m168[0m |                                 parser={(value: 
string | undefined): number => {
 [2m169[0m |                                     const 
parsed = value?.replace(/\$\s?|(,*)/g, '');
 [2m170[0m |                                     return 
parsed ? parseInt(parsed, 10) : 0;
 [2m171[0m |                                 } as any}
     : [35;1m                                  ^^[0m
 [2m172[0m |                             />
 [2m173[0m |                         </Form.Item>
 [2m173[0m |                     </Col>
     `----

Caused by:
    Syntax Error

Import trace for requested module:
./src/app/tesoreria/create/page.tsx


> Build failed because of webpack errors
